﻿<!DOCTYPE html PUBLIC "-//W3C//DTD XHTML 1.0 Strict//EN" "http://www.w3.org/TR/xhtml1/DTD/xhtml1-strict.dtd">
<html xmlns="http://www.w3.org/1999/xhtml">
  <head>
    <title>EasyWiki example</title>
    <meta name="description" content="This is an example of EasyWiki syntax" />
    <meta name="keywords" content="EasyWiki, wiki, syntax, example" />
  </head>
  <body>
    <h1>EasyWiki</h1>
    <h2>Introduction</h2>
    <h3>Objective</h3>
    <ol>
      <li>Easy to parse</li>
      <li>Easy Source code</li>
    </ol>
    <h2>Examples</h2>
    <h3>Paragraphs</h3>
    <p>Lorem ipsum dolor sit amet, consectetuer adipiscing elit, sed diam nonummy nibh euismod tincidunt ut laoreet dolore magna aliquam erat volutpat.</p>
    <p>Ut wisi enim ad minim veniam, quis nostrud exerci tation ullamcorper suscipit lobortis nisl ut aliquip ex ea commodo consequat.</p>
    <h3>Line breaks</h3>
    <p>Lorem ipsum dolor sit amet,<br />consectetuer adipiscing elit,<br />sed diam nonummy</p>
    <h3>Horizontal ruler</h3>
    <hr />
    <h3>Emphasized</h3>
    <p>Lorem <em>ipsum</em> dolor sit amet</p>
    <h3>Strong</h3>
    <p>Lorem <strong>ipsum</strong> dolor sit amet</p>
    <h3>Links</h3>
    <p>The syntax is <code>[url|text|title]</code><br /><a href="http://www.google.com">www.google.com</a><br /><a href="http://www.google.com">google</a><br /><a href="http://www.google.com" title="search with google">google</a></p>
    <h3>
      <a name="name1" /> Anchor</h3>
    <p>
      <a name="name2" /> Anchors are defined as <code>#name1</code><br /><a href="#name1">Go to anchor</a></p>
    <h3>Image</h3>
    <p>The syntax is <code>{Source|alt|link}</code><br /><img src="image.png" alt="" /><br /><img src="image.png" alt="alternative text" /><br /><a href="http://www.google.com"><img src="image.png" alt="alternative text" /></a></p>
    <h3>Unordered List</h3>
    <ul>
      <li>lorem ipsum   dolor sit amet</li>
      <li>consectetuer adipiscing elit</li>
      <li>sed diam nonummy</li>
      <li>nibh euismod tincidunt</li>
      <li>ut laoreet dolore magna aliquam erat volutpat</li>
    </ul>
    <h3>Ordered list</h3>
    <ol>
      <li>First</li>
      <li>Second</li>
      <li>Third</li>
      <li>Fourth</li>
      <li>Fifth</li>
    </ol>
    <h3>Table</h3>
    <table>
      <tr>
        <th>header1</th>
        <th class="c">header2</th>
        <th class="r">header 3</th>
      </tr>
      <tr>
        <td>cell 1a</td>
        <td class="c">cell 2a</td>
        <td class="r">cell 3a</td>
      </tr>
      <tr>
        <td>cell 1b</td>
        <td class="c">cell 2b</td>
        <td class="r">cell 3b</td>
      </tr>
    </table>
    <h3>Quote</h3>
    <blockquote>
      <p>Line 1 Line 2</p>
    </blockquote>
    <h3>Code</h3>
    <pre><code>code line 1
code line 2</code></pre>
    <p>Lorem <code>ipsum</code> dolor sit amet</p>
    <h3>Special characters</h3>
    <p>© Copyright<br />® Registered trademark<br />™ Trademark<br />3&gt;2 Greater than<br />2&lt;3 Less than<br />AT&amp;T Ampersand<br />… Ellipsis<br />↔ → ← Arrows<br />⇔ ⇒ ⇐ Double arrows<br />1024×768 or 1024 × 768<br />Long dashes: – —</p>
    <h3>Smileys</h3>
    <p>
      <img src=":)" alt="" /> <img src=":(" alt="" />  </p>
    <h3>Symbols</h3>
    <p>
      <img src="(*)" alt="" /> <img src="(i)" alt="" /> <img src="(\)" alt="" /> <img src="(x)" alt="" /> <img src="(!)" alt="" /> <img src="(+)" alt="" /> <img src="(-)" alt="" /> <img src="(?)" alt="" /> <img src="(_)" alt="" /> <img src="(y)" alt="" /> <img src="(n)" alt="" /> <img src="(on)" alt="" /> <img src="(off)" alt="" /> <img src="(h)" alt="" /></p>
    <h3>Escaped</h3>
    <p>*Not emphasized*<br />**Not bold**<br />[Not link](not link)<br />----<br />### Not header<br />- not list<br />1. not ordered list<br />||Not a table|<br />|Not a cell|  </p>
    <h3>Other</h3>
    <h4>
      <em>Emphasized</em> title</h4>
    <h3>Syntax links</h3>
    <ul>
      <li>
        <a href="http://en.wikipedia.org/wiki/Lightweight_markup_language">en.wikipedia.org/wiki/Lightweight_markup_language</a>
      </li>
      <li>
        <a href="http://daringfireball.net/projects/markdown">daringfireball.net/projects/markdown</a>
      </li>
      <li>
        <a href="http://github.github.com/github-flavored-markdown">github.github.com/github-flavored-markdown</a>
      </li>
      <li>
        <a href="https://confluence.atlassian.com/display/BITBUCKET/Using+Wiki+Markup">https://confluence.atlassian.com/display/BITBUCKET/Using+Wiki+Markup</a>
      </li>
      <li>
        <a href="http://codeplex.codeplex.com/wikipage?title=CodePlex%20Wiki%20Markup%20Guide">codeplex.codeplex.com/wikipage?title=CodePlex%20Wiki%20Markup%20Guide</a>
      </li>
      <li>
        <a href="http://wikicreole.org">wikicreole.org</a>
      </li>
      <li>
        <a href="http://en.wikipedia.org/wiki/Creole_%28markup%29">en.wikipedia.org/wiki/Creole_%28markup%29</a>
      </li>
      <li>
        <a href="http://code.google.com/p/support/wiki/WikiSyntax">code.google.com/p/support/wiki/WikiSyntax</a>
      </li>
      <li>
        <a href="http://www.mediawiki.org/wiki/Help:Contents">www.mediawiki.org/wiki/Help:Contents</a>
      </li>
      <li>
        <a href="http://en.wikipedia.org/wiki/Wikipedia:Cheatsheet">en.wikipedia.org/wiki/Wikipedia:Cheatsheet</a>
      </li>
      <li>
        <a href="https://confluence.atlassian.com/display/DOC/Confluence+Wiki+Markup">https://confluence.atlassian.com/display/DOC/Confluence+Wiki+Markup</a>
      </li>
    </ul>
  </body>
</html>